// Jest Snapshot v1, https://goo.gl/fbAQLP

exports[`PidPin sub-form renders correctly 1`] = `
<form
  action="#"
  onReset={[Function]}
  onSubmit={[Function]}
>
  <div
    className="d-inline-flex flex-nowrap form-row"
  >
    <label
      className="form-label"
    >
      <span
        className="req"
      >
        *
      </span>
      PID
    </label>
    <div
      className="required form-group"
    >
      <input
        className="input-small form-control"
        id="input-pid"
        name="pid"
        onBlur={[Function]}
        onChange={[Function]}
        required={true}
        value=""
      />
    </div>
    <label
      className="form-label"
    >
      PIN
    </label>
    <div
      className="required form-group"
    >
      <input
        className="input-small form-control"
        id="input-pin"
        name="pin"
        onBlur={[Function]}
        onChange={[Function]}
        required={true}
        type="number"
        value=""
      />
    </div>
  </div>
</form>
`;
